// Jest Snapshot v1, https://goo.gl/fbAQLP

exports[`application generator should run successfully 3`] = `
{
  "$schema": "../../node_modules/nx/schemas/project-schema.json",
  "name": "subject-skapp",
  "namedInputs": {
    "default": [
      "{projectRoot}/**/*",
    ],
    "production": [
      "!{projectRoot}/.svelte-kit/*",
      "!{projectRoot}/build/*",
      "!{projectRoot}/tests/*",
    ],
  },
  "projectType": "application",
  "sourceRoot": "apps/subject-skapp/src",
  "tags": [],
  "targets": {
    "build": {
      "dependsOn": [
        "^build",
      ],
      "inputs": [
        "production",
        "^production",
      ],
      "outputs": [
        "{projectRoot}/build",
      ],
    },
  },
}
`;

exports[`with eslint should handle eslint config 1`] = `
"{
  "root": true,
  "ignorePatterns": [
    "**/*"
  ],
  "plugins": [
    "@nx"
  ],
  "overrides": [
    {
      "files": [
        "*.ts",
        "*.tsx",
        "*.js",
        "*.jsx"
      ],
      "rules": {
        "@nx/enforce-module-boundaries": [
          "error",
          {
            "enforceBuildableLibDependency": true,
            "allow": [],
            "depConstraints": [
              {
                "sourceTag": "*",
                "onlyDependOnLibsWithTags": [
                  "*"
                ]
              }
            ]
          }
        ]
      }
    },
    {
      "files": [
        "*.ts",
        "*.tsx"
      ],
      "extends": [
        "plugin:@nx/typescript"
      ],
      "rules": {}
    },
    {
      "files": [
        "*.js",
        "*.jsx"
      ],
      "extends": [
        "plugin:@nx/javascript"
      ],
      "rules": {}
    }
  ]
}
"
`;

exports[`with eslint should handle project eslint config 1`] = `
"{
  "extends": [
    "../../.eslintrc.json",
    "plugin:@typescript-eslint/recommended",
    "plugin:svelte/recommended"
  ],
  "ignorePatterns": [
    "!**/*",
    "node_modules/*",
    ".svelte-kit/*"
  ],
  "overrides": [
    {
      "files": [
        "*.ts",
        "*.tsx",
        "*.js",
        "*.jsx"
      ],
      "rules": {}
    },
    {
      "files": [
        "*.ts",
        "*.tsx"
      ],
      "rules": {}
    },
    {
      "files": [
        "*.js",
        "*.jsx"
      ],
      "rules": {}
    },
    {
      "files": [
        "*.svelte"
      ],
      "parser": "svelte-eslint-parser",
      "parserOptions": {
        "parser": "@typescript-eslint/parser"
      },
      "rules": {}
    }
  ]
}
"
`;
